Testing Stock.getAllStockWithVariations logic...
node : ERROR DETECTED:
At line:1 char:1
+ node test_prisma.js > test_output.txt 2>&1
+ ~~~~~~~~~~~~~~~~~~~~~~~~~~~~~~~~~~~~~~~~~~
    + CategoryInfo          : NotSpecified: 
    (ERROR DETECTED::String) [], RemoteExc  
  eption
    + FullyQualifiedErrorId : NativeCommand 
   Error
 

Invalid `prisma.stock.findMany()` 
invocation in
D:\1000D technology\projects\reox_pos_fronte
nd\backend\test_prisma.js:15:43

  12     whereClause.qty = { gt: 0 };
  13 }
  14 
ΓåÆ 15 const stocks = await 
prisma.stock.findMany({
       where: {
         qty: {
           gt: 0
         }
       },
       include: {
         product_variations: {
           include: {
             product: {
               include: {
                 
unit_id_product_unit_idTounit_id: {
                   include: {
                     
unit_conversions_as_parent: {
                     
~~~~~~~~~~~~~~~~~~~~~~~~~~
                       include: {
                         child_unit: true
                       }
                     },
     ?               
product_product_unit_idTounit_id?: true
                   }
                 },
                 category: true,
                 brand: true
               }
             },
             product_status: true
           }
         },
         batch: true,
         grn_items: {
           include: {
             grn: {
               include: {
                 supplier: true
               }
             }
           },
           take: 1
         }
       },
       orderBy: [
         {
           product_variations: {
             product: {
               product_name: "asc"
             }
           }
         },
         {
           product_variations: {
             id: "asc"
           }
         },
         {
           id: "asc"
         }
       ],
       take: 10
     })

Unknown field `unit_conversions_as_parent` 
for include statement on model `unit_id`. 
Available options are marked with ?.
